test_files/data4.input: Non-ISO extended-ASCII text
